[websocket-gateway] 2026-05-18 22:45:34.829	INFO	health/health.go:47	Redis连接正常	{"service": "websocket-gateway"}
[websocket-gateway] 2026-05-18 22:45:34.869	INFO	websocket-gateway/main.go:53	Kafka消息事件消费已启用	{"topic": "claran.message.events"}
[websocket-gateway] 2026-05-18 22:45:34.870	INFO	health/health.go:69	========================================
[websocket-gateway] 2026-05-18 22:45:34.870	INFO	health/health.go:70	服务启动完成	{"service": "websocket-gateway", "version": "1.0.0", "port": "127.0.0.1:8081"}
[websocket-gateway] 2026-05-18 22:45:34.871	INFO	health/health.go:71	========================================
[websocket-gateway] 2026-05-18 22:46:12.445	INFO	logger/logger.go:338	用户 1 ( 1 ) WebSocket连接建立
[websocket-gateway] 2026-05-18 22:47:19.631	INFO	logger/logger.go:338	用户 2 ( 2 ) WebSocket连接建立
[websocket-gateway] 2026-05-18 22:47:19.644	INFO	logger/logger.go:338	用户 2 ( 2 ) WebSocket连接建立
[websocket-gateway] 2026-05-18 22:47:35.915	INFO	logger/logger.go:338	WebSocket读取错误: websocket: close 1005 (no status)
[websocket-gateway] 2026-05-18 22:47:38.635	INFO	logger/logger.go:338	用户 3 ( 3 ) WebSocket连接建立
[websocket-gateway] 2026-05-18 22:47:51.118	INFO	logger/logger.go:338	WebSocket读取错误: websocket: close 1005 (no status)
[websocket-gateway] 2026-05-18 22:47:56.511	INFO	logger/logger.go:338	用户 7274846392 ( 4 ) WebSocket连接建立
[websocket-gateway] 2026-05-18 22:49:39.836	INFO	logger/logger.go:338	WebSocket读取错误: websocket: close 1005 (no status)
[websocket-gateway] 2026-05-18 22:49:41.822	INFO	logger/logger.go:338	用户 2 ( 2 ) WebSocket连接建立
[websocket-gateway] 2026-05-18 23:34:04.222	INFO	health/health.go:47	Redis连接正常	{"service": "websocket-gateway"}
[websocket-gateway] 2026-05-18 23:34:04.233	INFO	websocket-gateway/main.go:53	Kafka消息事件消费已启用	{"topic": "claran.message.events"}
[websocket-gateway] 2026-05-18 23:34:04.233	INFO	health/health.go:69	========================================
[websocket-gateway] 2026-05-18 23:34:04.234	INFO	health/health.go:70	服务启动完成	{"service": "websocket-gateway", "version": "1.0.0", "port": "127.0.0.1:8081"}
[websocket-gateway] 2026-05-18 23:34:04.234	INFO	health/health.go:71	========================================
[websocket-gateway] 2026-05-18 23:34:20.996	INFO	logger/logger.go:338	用户 1 ( 1 ) WebSocket连接建立
