[bot-manager-service] 2026-05-19 00:15:57.785	INFO	health/health.go:28	MySQL连接正常	{"service": "bot-manager-service", "version": "8.0.32"}
[bot-manager-service] 2026-05-19 00:15:57.810	INFO	bot-manager-service/main.go:74	Agent @消息事件消费已启用	{"topic": "claran.message.events"}
[bot-manager-service] 2026-05-19 00:15:57.810	INFO	health/health.go:56	Etcd注册地址	{"service": "bot-manager-service", "endpoints": "[http://localhost:2379]"}
[bot-manager-service] 2026-05-19 00:15:57.811	INFO	health/health.go:69	========================================
[bot-manager-service] 2026-05-19 00:15:57.811	INFO	health/health.go:70	服务启动完成	{"service": "bot-manager-service", "version": "1.0.0", "port": "127.0.0.1:9006"}
[bot-manager-service] 2026-05-19 00:15:57.811	INFO	health/health.go:71	========================================
[bot-manager-service] 2026-05-19 00:24:18.248	INFO	health/health.go:28	MySQL连接正常	{"service": "bot-manager-service", "version": "8.0.32"}
[bot-manager-service] 2026-05-19 00:24:18.261	INFO	bot-manager-service/main.go:74	Agent @消息事件消费已启用	{"topic": "claran.message.events"}
[bot-manager-service] 2026-05-19 00:24:18.263	INFO	health/health.go:56	Etcd注册地址	{"service": "bot-manager-service", "endpoints": "[http://localhost:2379]"}
[bot-manager-service] 2026-05-19 00:24:18.264	INFO	health/health.go:69	========================================
[bot-manager-service] 2026-05-19 00:24:18.264	INFO	health/health.go:70	服务启动完成	{"service": "bot-manager-service", "version": "1.0.0", "port": "127.0.0.1:9006"}
[bot-manager-service] 2026-05-19 00:24:18.264	INFO	health/health.go:71	========================================
[bot-manager-service] 2026-05-19 00:27:29.967	INFO	logger/logger.go:344	Bot删除成功: id=2
[bot-manager-service] 2026-05-19 00:27:34.961	INFO	logger/logger.go:344	Bot删除成功: id=3
[bot-manager-service] 2026-05-19 00:27:36.472	INFO	logger/logger.go:344	Bot删除成功: id=49883658802008064
[bot-manager-service] 2026-05-19 00:27:39.332	INFO	logger/logger.go:344	Bot创建成功: 1 (id=49895688258818048, type=internal)
[bot-manager-service] 2026-05-19 00:27:39.591	INFO	logger/logger.go:344	Bot创建成功: 1 (id=49895689328365568, type=internal)
[bot-manager-service] 2026-05-19 00:27:42.222	INFO	logger/logger.go:344	Bot删除成功: id=49895689328365568
[bot-manager-service] 2026-05-19 00:46:48.437	INFO	health/health.go:28	MySQL连接正常	{"service": "bot-manager-service", "version": "8.0.32"}
[bot-manager-service] 2026-05-19 00:46:48.456	INFO	bot-manager-service/main.go:74	Agent @消息事件消费已启用	{"topic": "claran.message.events"}
[bot-manager-service] 2026-05-19 00:46:48.457	INFO	health/health.go:56	Etcd注册地址	{"service": "bot-manager-service", "endpoints": "[http://localhost:2379]"}
[bot-manager-service] 2026-05-19 00:46:48.457	INFO	health/health.go:69	========================================
[bot-manager-service] 2026-05-19 00:46:48.457	INFO	health/health.go:70	服务启动完成	{"service": "bot-manager-service", "version": "1.0.0", "port": "127.0.0.1:9006"}
[bot-manager-service] 2026-05-19 00:46:48.457	INFO	health/health.go:71	========================================
